
══ round 1/6  2026-10-03T19:42:22.064Z
✅ X · FxTwitter v2 statuses · Sportsfcvn   HTTP 200 posts 20 timed 20 newest   4.7 h  views/likes/thumb: 6/0/true
      2026-10-03T14:58:44.000Z  https://sfc.my/r/6r03Nmsb ⚔️ Tây Ban Nha có thể phá vỡ bức tường phòng
      2026-10-03T12:56:32.000Z  https://sfc.my/r/Qk8IJqXT Croatia liệu có thể khuất phục được Anh trên
❌ X · guest token + GraphQL UserTweets     HTTP 422 posts  0 timed  0 newest       —  guest token ok, uid 2087055148338262016; timeline 422 172B
❌ X · Nitter / XCancel RSS                 HTTP 0   posts  0 timed  0 newest       —  rss.xcancel.com:451 xcancel.com:451 nitter.net:ECONNREFUSED nitter.poast.org:ENOTFOUND nitter.privacyredirect.com:404
❌ X · syndication timeline widget          HTTP 429 posts  0 timed  0 newest       —  no __NEXT_DATA__
❌ IG 18+ · sportsfc.fans embed             HTTP 200 posts  0 timed  0 newest       —  age/login wall
❌ IG 18+ · sportsfc.fans mobile API        HTTP 429 posts  0 timed  0 newest       —  
❌ IG vn · mobile API (2nd route)           HTTP 429 posts  0 timed  0 newest       —  
❌ FB vn · Page Plugin (2nd route)          HTTP 200 posts  0 timed  0 newest       —  54408B, 0 text blocks
❌ FB vn · m.facebook.com (2nd route)       HTTP 200 posts  0 timed  0 newest       —  168971B, redirected to login
❌ TT vn · tikwm (2nd route)                HTTP 403 posts  0 timed  0 newest       —  <!DOCTYPE html><html lang="en-US"><head><title>Just a moment...</title><meta http-equiv="C

══ round 2/6  2026-10-03T19:44:29.125Z
✅ X · FxTwitter v2 statuses · Sportsfcvn   HTTP 200 posts 20 timed 20 newest   4.8 h  views/likes/thumb: 7/0/true
❌ X · guest token + GraphQL UserTweets     HTTP 422 posts  0 timed  0 newest       —  guest token ok, uid 2087055148338262016; timeline 422 172B
❌ X · Nitter / XCancel RSS                 HTTP 0   posts  0 timed  0 newest       —  rss.xcancel.com:451 xcancel.com:451 nitter.net:ECONNREFUSED nitter.poast.org:ENOTFOUND nitter.privacyredirect.com:404
❌ X · syndication timeline widget          HTTP 429 posts  0 timed  0 newest       —  no __NEXT_DATA__
❌ IG 18+ · sportsfc.fans embed             HTTP 200 posts  0 timed  0 newest       —  age/login wall
❌ IG 18+ · sportsfc.fans mobile API        HTTP 429 posts  0 timed  0 newest       —  
❌ IG vn · mobile API (2nd route)           HTTP 429 posts  0 timed  0 newest       —  
❌ FB vn · Page Plugin (2nd route)          HTTP 200 posts  0 timed  0 newest       —  53040B, 0 text blocks
❌ FB vn · m.facebook.com (2nd route)       HTTP 200 posts  0 timed  0 newest       —  169255B, redirected to login
❌ TT vn · tikwm (2nd route)                HTTP 403 posts  0 timed  0 newest       —  <!DOCTYPE html><html lang="en-US"><head><title>Just a moment...</title><meta http-equiv="C

══ round 3/6  2026-10-03T19:46:35.308Z
✅ X · FxTwitter v2 statuses · Sportsfcvn   HTTP 200 posts 20 timed 20 newest   4.8 h  views/likes/thumb: 7/0/true
❌ X · guest token + GraphQL UserTweets     HTTP 422 posts  0 timed  0 newest       —  guest token ok, uid 2087055148338262016; timeline 422 172B
❌ X · Nitter / XCancel RSS                 HTTP 0   posts  0 timed  0 newest       —  rss.xcancel.com:451 xcancel.com:451 nitter.net:ECONNREFUSED nitter.poast.org:ENOTFOUND nitter.privacyredirect.com:404
❌ X · syndication timeline widget          HTTP 429 posts  0 timed  0 newest       —  no __NEXT_DATA__
❌ IG 18+ · sportsfc.fans embed             HTTP 200 posts  0 timed  0 newest       —  age/login wall
❌ IG 18+ · sportsfc.fans mobile API        HTTP 429 posts  0 timed  0 newest       —  
❌ IG vn · mobile API (2nd route)           HTTP 429 posts  0 timed  0 newest       —  
❌ FB vn · Page Plugin (2nd route)          HTTP 200 posts  0 timed  0 newest       —  53041B, 0 text blocks
❌ FB vn · m.facebook.com (2nd route)       HTTP 200 posts  0 timed  0 newest       —  169070B, redirected to login
❌ TT vn · tikwm (2nd route)                HTTP 403 posts  0 timed  0 newest       —  <!DOCTYPE html><html lang="en-US"><head><title>Just a moment...</title><meta http-equiv="C

══ round 4/6  2026-10-03T19:48:40.261Z
✅ X · FxTwitter v2 statuses · Sportsfcvn   HTTP 200 posts 20 timed 20 newest   4.8 h  views/likes/thumb: 7/0/true
❌ X · guest token + GraphQL UserTweets     HTTP 422 posts  0 timed  0 newest       —  guest token ok, uid 2087055148338262016; timeline 422 172B
❌ X · Nitter / XCancel RSS                 HTTP 0   posts  0 timed  0 newest       —  rss.xcancel.com:451 xcancel.com:451 nitter.net:ECONNREFUSED nitter.poast.org:ENOTFOUND nitter.privacyredirect.com:404
❌ X · syndication timeline widget          HTTP 429 posts  0 timed  0 newest       —  no __NEXT_DATA__
❌ IG 18+ · sportsfc.fans embed             HTTP 200 posts  0 timed  0 newest       —  age/login wall
❌ IG 18+ · sportsfc.fans mobile API        HTTP 429 posts  0 timed  0 newest       —  
❌ IG vn · mobile API (2nd route)           HTTP 429 posts  0 timed  0 newest       —  
❌ FB vn · Page Plugin (2nd route)          HTTP 200 posts  0 timed  0 newest       —  54400B, 0 text blocks
❌ FB vn · m.facebook.com (2nd route)       HTTP 200 posts  0 timed  0 newest       —  169079B, redirected to login
❌ TT vn · tikwm (2nd route)                HTTP 403 posts  0 timed  0 newest       —  <!DOCTYPE html><html lang="en-US"><head><title>Just a moment...</title><meta http-equiv="C

══ round 5/6  2026-10-03T19:50:45.239Z
✅ X · FxTwitter v2 statuses · Sportsfcvn   HTTP 200 posts 20 timed 20 newest   4.9 h  views/likes/thumb: 7/0/true
❌ X · guest token + GraphQL UserTweets     HTTP 422 posts  0 timed  0 newest       —  guest token ok, uid 2087055148338262016; timeline 422 172B
❌ X · Nitter / XCancel RSS                 HTTP 0   posts  0 timed  0 newest       —  rss.xcancel.com:451 xcancel.com:451 nitter.net:ECONNREFUSED nitter.poast.org:ENOTFOUND nitter.privacyredirect.com:404
❌ X · syndication timeline widget          HTTP 429 posts  0 timed  0 newest       —  no __NEXT_DATA__
❌ IG 18+ · sportsfc.fans embed             HTTP 200 posts  0 timed  0 newest       —  age/login wall
❌ IG 18+ · sportsfc.fans mobile API        HTTP 429 posts  0 timed  0 newest       —  
❌ IG vn · mobile API (2nd route)           HTTP 429 posts  0 timed  0 newest       —  
❌ FB vn · Page Plugin (2nd route)          HTTP 200 posts  0 timed  0 newest       —  53037B, 0 text blocks
❌ FB vn · m.facebook.com (2nd route)       HTTP 200 posts  0 timed  0 newest       —  169032B, redirected to login
❌ TT vn · tikwm (2nd route)                HTTP 403 posts  0 timed  0 newest       —  <!DOCTYPE html><html lang="en-US"><head><title>Just a moment...</title><meta http-equiv="C

══ round 6/6  2026-10-03T19:52:51.196Z
✅ X · FxTwitter v2 statuses · Sportsfcvn   HTTP 200 posts 20 timed 20 newest   4.9 h  views/likes/thumb: 7/0/true
❌ X · guest token + GraphQL UserTweets     HTTP 422 posts  0 timed  0 newest       —  guest token ok, uid 2087055148338262016; timeline 422 172B
❌ X · Nitter / XCancel RSS                 HTTP 0   posts  0 timed  0 newest       —  rss.xcancel.com:451 xcancel.com:451 nitter.net:ECONNREFUSED nitter.poast.org:ENOTFOUND nitter.privacyredirect.com:404
❌ X · syndication timeline widget          HTTP 429 posts  0 timed  0 newest       —  no __NEXT_DATA__
❌ IG 18+ · sportsfc.fans embed             HTTP 200 posts  0 timed  0 newest       —  age/login wall
❌ IG 18+ · sportsfc.fans mobile API        HTTP 429 posts  0 timed  0 newest       —  
❌ IG vn · mobile API (2nd route)           HTTP 429 posts  0 timed  0 newest       —  
❌ FB vn · Page Plugin (2nd route)          HTTP 200 posts  0 timed  0 newest       —  53034B, 0 text blocks
❌ FB vn · m.facebook.com (2nd route)       HTTP 200 posts  0 timed  0 newest       —  169066B, redirected to login
❌ TT vn · tikwm (2nd route)                HTTP 403 posts  0 timed  0 newest       —  <!DOCTYPE html><html lang="en-US"><head><title>Just a moment...</title><meta http-equiv="C

══ reliability
  6/6  X · FxTwitter v2 statuses · Sportsfcvn
  0/6  X · guest token + GraphQL UserTweets
  0/6  X · Nitter / XCancel RSS
  0/6  X · syndication timeline widget
  0/6  IG 18+ · sportsfc.fans embed
  0/6  IG 18+ · sportsfc.fans mobile API
  0/6  IG vn · mobile API (2nd route)
  0/6  FB vn · Page Plugin (2nd route)
  0/6  FB vn · m.facebook.com (2nd route)
  0/6  TT vn · tikwm (2nd route)
