
── 2 Playwright · plain · this machine
  ig-vn    instagram  returned  0  recall 0/6   (  0%)  times —     captions —     newer 0
  ig-fans  instagram  returned  0  recall 0/7   (  0%)  times —     captions —     newer 0
  fb-vn    facebook   returned 10  recall 6/6   (100%)  times 100%  captions 100%  newer 0
  fb-fans  facebook   returned 10  recall 6/6   (100%)  times 100%  captions 100%  newer 0
  x-vn     x          returned  0  recall 0/5   (  0%)  times —     captions —     newer 0
  tt-vn    tiktok     returned  0  recall 0/6   (  0%)  times —     captions —     newer 0
     ig-vn: via permalinks (0) — page said "See everyday moments from your close friends. Log into Instagram Mobile number, username or email Password Log in Forgot password? Log in with Facebook Create n"
     ig-fans: via permalinks (0) — page said "See everyday moments from your close friends. Log into Instagram Mobile number, username or email Password Log in Forgot password? Log in with Facebook Create n"
     fb-vn: via network
     fb-fans: via network
     x-vn: via dom + snowflake — page said "x.com Performing security verification This website uses a security service to protect against malicious bots. This page is displayed while the website verifie"
     tt-vn: via dom + video-id time — page said "TikTok Search For You Shop Explore Following Short dramas LIVE Upload Profile More Log in Company Program Terms & Policies © 2026 TikTok SportsFC Vietnam sports"

── 2 Playwright · stealth · this machine
  ig-vn    instagram  returned  0  recall 0/6   (  0%)  times —     captions —     newer 0
  ig-fans  instagram  returned  0  recall 0/7   (  0%)  times —     captions —     newer 0
  fb-vn    facebook   returned 10  recall 6/6   (100%)  times 100%  captions 100%  newer 0
  fb-fans  facebook   returned 10  recall 6/6   (100%)  times 100%  captions 100%  newer 0
  x-vn     x          returned  0  recall 0/5   (  0%)  times —     captions —     newer 0
  tt-vn    tiktok     returned  0  recall 0/6   (  0%)  times —     captions —     newer 0
     ig-vn: via permalinks (0) — page said "See everyday moments from your close friends. Log into Instagram Mobile number, username or email Password Log in Forgot password? Log in with Facebook Create n"
     ig-fans: via permalinks (0) — page said "See everyday moments from your close friends. Log into Instagram Mobile number, username or email Password Log in Forgot password? Log in with Facebook Create n"
     fb-vn: via network
     fb-fans: via network
     x-vn: via dom + snowflake — page said "x.com Performing security verification This website uses a security service to protect against malicious bots. This page is displayed while the website verifie"
     tt-vn: via dom + video-id time — page said "TikTok Search For You Shop Explore Following Short dramas LIVE Upload Profile More Log in Company Program Terms & Policies © 2026 TikTok SportsFC Vietnam sports"

── 2 Playwright · chrome (real Google Chrome) · this machine
  ig-vn    instagram  returned  0  recall 0/6   (  0%)  times —     captions —     newer 0
  ig-fans  instagram  returned  0  recall 0/7   (  0%)  times —     captions —     newer 0
  fb-vn    facebook   returned 10  recall 6/6   (100%)  times 100%  captions 100%  newer 0
  fb-fans  facebook   returned 10  recall 6/6   (100%)  times 100%  captions 100%  newer 0
  x-vn     x          returned  0  recall 0/5   (  0%)  times —     captions —     newer 0
  tt-vn    tiktok     returned  0  recall 0/6   (  0%)  times —     captions —     newer 0
     ig-vn: via permalinks (0) — page said "See everyday moments from your close friends. Log into Instagram Mobile number, username or email Password Log in Forgot password? Log in with Facebook Create n"
     ig-fans: via permalinks (0) — page said "See everyday moments from your close friends. Log into Instagram Mobile number, username or email Password Log in Forgot password? Log in with Facebook Create n"
     fb-vn: via network
     fb-fans: via network
     x-vn: via dom + snowflake — page said "x.com Performing security verification This website uses a security service to protect against malicious bots. This page is displayed while the website verifie"
     tt-vn: via dom + video-id time — page said "TikTok Search For You Shop Explore Following Short dramas LIVE Upload Profile More Log in Company Program Terms & Policies © 2026 TikTok SportsFC Vietnam sports"

saved /home/runner/work/Social/Social/results/gha-exp2-playwright-plain+stealth+chrome.json
